6a307644464468712f4167566365326139663463
485a4f702f7762532f773d3d2d343438322d3464
